[10May2026 13:15:07.753] [main/INFO] [cpw.mods.modlauncher.Launcher/MODLAUNCHER]: ModLauncher running: args [--launchTarget, forgedatadev, --assetIndex, 17, --assetsDir, C:\\Users\\Professional\\.gradle\\caches\\neoformruntime\\assets, --gameDir, ., --fml.fmlVersion, 4.0.42, --fml.mcVersion, 1.21.1, --fml.neoForgeVersion, 21.1.228, --fml.neoFormVersion, 20240808.144430, --mod, betterend, --all, --output, C:\\Users\\Professional\\Documents\\GitHub\\BetterEnd_Neoforge_more_bugs_fr\\src\\main\\generated, --existing, C:\\Users\\Professional\\Documents\\GitHub\\BetterEnd_Neoforge_more_bugs_fr\\src\\main\\resources]
[10May2026 13:15:07.755] [main/INFO] [cpw.mods.modlauncher.Launcher/MODLAUNCHER]: JVM identified as Oracle Corporation Java HotSpot(TM) 64-Bit Server VM 21.0.8+12-LTS-250
[10May2026 13:15:07.756] [main/INFO] [cpw.mods.modlauncher.Launcher/MODLAUNCHER]: ModLauncher 11.0.5+main.901c6ea8 starting: java version 21.0.8 by Oracle Corporation; OS Windows 10 arch amd64 version 10.0
[10May2026 13:15:07.851] [main/INFO] [net.neoforged.fml.loading.ImmediateWindowHandler/]: ImmediateWindowProvider not loading because launch target is forgedatadev
[10May2026 13:15:07.895] [main/INFO] [mixin/]: SpongePowered MIXIN Subsystem Version=0.8.7 Source=union:/C:/Users/Professional/.gradle/caches/modules-2/files-2.1/net.fabricmc/sponge-mixin/0.15.2+mixin.0.8.7/2af2f021d8e02a0220dc27a7a72b4666d66d44ca/sponge-mixin-0.15.2+mixin.0.8.7.jar%23138!/ Service=ModLauncher Env=CLIENT
[10May2026 13:15:08.199] [main/INFO] [net.neoforged.fml.loading.moddiscovery.locators.JarInJarDependencyLocator/]: Found 2 dependencies adding them to mods collection
[10May2026 13:15:08.200] [main/INFO] [net.neoforged.fml.loading.moddiscovery.ModDiscoverer/]: 
     Mod List:
		Name Version (Mod Id)

		Bad Packets 0.8.1 (badpackets)
		BCLib 21.0.20 (bclib)
		Better End 21.0.24 (betterend)
		EMI 1.1.8+1.21+neoforge (emi)
		Minecraft 1.21.1 (minecraft)
		NeoForge 21.1.228 (neoforge)
		WorldWeaver 21.0.18 (wover)
		wthit 12.8.3 (wthit)
		WunderLib 21.0.10 (wunderlib)
[10May2026 13:15:09.170] [main/INFO] [mixin/]: Compatibility level set to JAVA_17
[10May2026 13:15:09.175] [main/INFO] [mixin/]: Compatibility level set to JAVA_21
[10May2026 13:15:09.197] [main/INFO] [cpw.mods.modlauncher.LaunchServiceHandler/MODLAUNCHER]: Launching target 'forgedatadev' with arguments [--gameDir, ., --assetsDir, C:\Users\Professional\.gradle\caches\neoformruntime\assets, --assetIndex, 17, --mod, betterend, --all, --output, C:\\Users\\Professional\\Documents\\GitHub\\BetterEnd_Neoforge_more_bugs_fr\\src\\main\\generated, --existing, C:\\Users\\Professional\\Documents\\GitHub\\BetterEnd_Neoforge_more_bugs_fr\\src\\main\\resources]
[10May2026 13:15:09.667] [main/WARN] [mixin/]: Error loading class: mezz/jei/library/load/PluginCaller (java.lang.ClassNotFoundException: mezz.jei.library.load.PluginCaller)
[10May2026 13:15:09.863] [main/WARN] [mixin/]: Error loading class: com/teamabnormals/blueprint/common/world/modification/ModdedBiomeSource (java.lang.ClassNotFoundException: com.teamabnormals.blueprint.common.world.modification.ModdedBiomeSource)
[10May2026 13:15:10.340] [main/INFO] [net.neoforged.neoforge.data.loading.DatagenModLoader/]: Initializing Data Gatherer for mods [betterend]
[10May2026 13:15:10.351] [main/INFO] [MixinExtras|Service/]: Initializing MixinExtras via com.llamalad7.mixinextras.service.MixinExtrasServiceImpl(version=0.5.3).
[10May2026 13:15:14.889] [modloading-worker-0/INFO] [net.neoforged.neoforge.common.NeoForgeMod/NEOFORGE-MOD]: NeoForge mod loading, version 21.1.228, for MC 1.21.1
[10May2026 13:15:14.964] [modloading-worker-0/INFO] [wover-core/]: (DEBUG) Adding dynamic registry: wover:wover/world_preset_info
[10May2026 13:15:14.969] [modloading-worker-0/INFO] [wover-core/]: (DEBUG) Adding dynamic registry bootstrap: minecraft:worldgen/world_preset
[10May2026 13:15:14.971] [modloading-worker-0/INFO] [wover-core/]: (DEBUG) Adding dynamic registry bootstrap: minecraft:worldgen/flat_level_generator_preset
[10May2026 13:15:14.985] [modloading-worker-0/INFO] [wover-core/]: (DEBUG) Adding dynamic registry: wover:worldgen/surface_rules
[10May2026 13:15:15.013] [modloading-worker-0/INFO] [wover-core/]: (DEBUG) Adding dynamic registry bootstrap: minecraft:worldgen/structure
[10May2026 13:15:15.048] [modloading-worker-0/INFO] [wover-core/]: (DEBUG) Adding dynamic registry bootstrap: minecraft:worldgen/biome
[10May2026 13:15:15.050] [modloading-worker-0/INFO] [wover-core/]: (DEBUG) Creating registry: wover:wover/biome_codec_network
[10May2026 13:15:15.051] [modloading-worker-0/INFO] [wover-core/]: (DEBUG) Creating registry: wover:wover/biome_codec
[10May2026 13:15:15.072] [modloading-worker-0/INFO] [wover-core/]: (DEBUG) Adding dynamic registry: wover:worldgen/biome_modifications
[10May2026 13:15:15.118] [modloading-sync-worker/INFO] [wover-core/]: Processing wover.datapack.registry Entrypoints
[10May2026 13:15:15.119] [modloading-sync-worker/INFO] [wover-core/]:     - Processing Entrypoint: org.betterx.wover.entrypoint.BiomeDatapackRegistryEntrypoint
[10May2026 13:15:15.119] [modloading-sync-worker/INFO] [wover-core/]: (DEBUG) Adding dynamic registry: wover:worldgen/biome_data
[10May2026 13:15:15.119] [modloading-sync-worker/INFO] [wover-core/]:     - Processing Entrypoint: org.betterx.wover.entrypoint.FeatureDatapackRegistryEntrypoint
[10May2026 13:15:15.120] [modloading-sync-worker/INFO] [wover-core/]: (DEBUG) Adding dynamic registry bootstrap: minecraft:worldgen/configured_feature
[10May2026 13:15:15.120] [modloading-sync-worker/INFO] [wover-core/]: (DEBUG) Adding dynamic registry bootstrap: minecraft:worldgen/placed_feature
[10May2026 13:15:15.121] [modloading-sync-worker/INFO] [wover-core/]:     - Processing Entrypoint: org.betterx.wover.entrypoint.ItemDatapackRegistryEntrypoint
[10May2026 13:15:15.121] [modloading-sync-worker/INFO] [wover-core/]: (DEBUG) Adding dynamic registry bootstrap: minecraft:enchantment
[10May2026 13:15:15.121] [modloading-sync-worker/INFO] [wover-core/]:     - Processing Entrypoint: org.betterx.wover.entrypoint.StructureDatapackRegistryEntrypoint
[10May2026 13:15:15.122] [modloading-sync-worker/INFO] [wover-core/]: (DEBUG) Adding dynamic registry bootstrap: minecraft:worldgen/template_pool
[10May2026 13:15:15.122] [modloading-sync-worker/INFO] [wover-core/]: (DEBUG) Adding dynamic registry bootstrap: minecraft:worldgen/structure_set
[10May2026 13:15:15.123] [modloading-sync-worker/INFO] [wover-core/]:     - Processing Entrypoint: org.betterx.wover.entrypoint.SurfaceDatapackRegistryEntrypoint
[10May2026 13:15:15.134] [modloading-sync-worker/INFO] [wover-core/]: (DEBUG) Skipping WORLDGEN_REGISTRIES injection; DataPackRegistryEvent handles custom registries.
[10May2026 13:15:18.899] [modloading-sync-worker/WARN] [betterend/]: Generating Debug Helpers
[10May2026 13:15:18.916] [modloading-sync-worker/WARN] [betterend/]: Skip eternal_portal POI registration: Block{betterend:end_portal_block}[axis=x,portal=0] is defined in more than one PoI type
[10May2026 13:15:18.917] [modloading-sync-worker/WARN] [betterend/]: Skip eternal_portal_frame POI registration: Block{betterend:flavolite_runed_eternal}[active=false] is defined in more than one PoI type
[10May2026 13:15:19.357] [Worker-Main-1/WARN] [wover-core/]: DID NOT bootstrap VanillaRegistries.
[10May2026 13:15:19.399] [main/WARN] [net.minecraft.server.packs.VanillaPackResourcesBuilder/]: Assets URL 'union:/C:/Users/Professional/Documents/GitHub/BetterEnd_Neoforge_more_bugs_fr/build/moddev/artifacts/neoforge-21.1.228.jar%23189!/assets/.mcassetsroot' uses unexpected schema
[10May2026 13:15:19.399] [main/WARN] [net.minecraft.server.packs.VanillaPackResourcesBuilder/]: Assets URL 'union:/C:/Users/Professional/Documents/GitHub/BetterEnd_Neoforge_more_bugs_fr/build/moddev/artifacts/neoforge-21.1.228.jar%23189!/data/.mcassetsroot' uses unexpected schema
[10May2026 13:15:19.515] [main/INFO] [wover-datagen/]: (DEBUG) Ignoring run for BCLibDatagen for ModCore: bclib (bclib)
[10May2026 13:15:19.515] [main/INFO] [wover-datagen/]: (DEBUG) Initializing WoverDataGenEntryPoint:org.betterx.datagen.betterend.BetterEndDatagen for ModCore: betterend (betterend)
[10May2026 13:15:19.517] [main/INFO] [wover-datagen/]: (DEBUG) Instantiating auto provider: org.betterx.wover.datagen.impl.AutoBlockTagProvider
[10May2026 13:15:19.517] [main/INFO] [wover-datagen/]: (DEBUG) Instantiating auto provider: org.betterx.wover.datagen.impl.AutoItemTagProvider
[10May2026 13:15:19.518] [main/INFO] [wover-datagen/]: (DEBUG) Instantiating auto provider: org.betterx.wover.datagen.impl.AutoBiomeTagProvider
[10May2026 13:15:19.518] [main/INFO] [wover-datagen/]: (DEBUG) Instantiating auto provider: org.betterx.wover.item.impl.AutoItemRegistryTagProvider
[10May2026 13:15:19.519] [main/INFO] [wover-tag/]: (DEBUG) Redirecting org.betterx.wover.item.impl.AutoItemRegistryTagProvider to org.betterx.wover.datagen.impl.AutoItemTagProvider
[10May2026 13:15:19.519] [main/INFO] [wover-datagen/]: (DEBUG) Instantiating auto provider: org.betterx.wover.datagen.api.provider.AutoBlockRegistryTagProvider
[10May2026 13:15:19.519] [main/INFO] [wover-tag/]: (DEBUG) Redirecting org.betterx.wover.datagen.api.provider.AutoBlockRegistryTagProvider  to org.betterx.wover.datagen.impl.AutoBlockTagProvider ([betterend, betterend])
[10May2026 13:15:19.520] [main/INFO] [wover-datagen/]: (DEBUG) Instantiating auto provider: org.betterx.datagen.bclib.worldgen.BCLAutoBlockTagProvider
[10May2026 13:15:19.520] [main/INFO] [wover-tag/]: (DEBUG) Redirecting org.betterx.datagen.bclib.worldgen.BCLAutoBlockTagProvider  to org.betterx.wover.datagen.impl.AutoBlockTagProvider ([betterend, betterend])
[10May2026 13:15:19.520] [main/INFO] [wover-datagen/]: (DEBUG) Instantiating auto provider: org.betterx.datagen.bclib.worldgen.BCLAutoItemTagProvider
[10May2026 13:15:19.520] [main/INFO] [wover-tag/]: (DEBUG) Redirecting org.betterx.datagen.bclib.worldgen.BCLAutoItemTagProvider to org.betterx.wover.datagen.impl.AutoItemTagProvider
[10May2026 13:15:19.554] [main/INFO] [wover-tag/]: (DEBUG) Redirecting org.betterx.wover.datagen.api.provider.multi.WoverBiomeProvider$4 to org.betterx.wover.datagen.impl.AutoBiomeTagProvider
[10May2026 13:15:19.556] [main/INFO] [wover-tag/]: (DEBUG) Redirecting org.betterx.datagen.betterend.tags.BlockTagProvider  to org.betterx.wover.datagen.impl.AutoBlockTagProvider ([betterend, betterend, betterend, betterend])
[10May2026 13:15:19.559] [main/INFO] [wover-tag/]: (DEBUG) Redirecting org.betterx.datagen.betterend.tags.ItemTagProvider to org.betterx.wover.datagen.impl.AutoItemTagProvider
[10May2026 13:15:19.561] [main/INFO] [wover-tag/]: (DEBUG) Redirecting org.betterx.datagen.betterend.tags.BiomeTagProvider to org.betterx.wover.datagen.impl.AutoBiomeTagProvider
[10May2026 13:15:19.573] [main/INFO] [wover-tag/]: (DEBUG) Redirecting org.betterx.wover.datagen.api.provider.multi.WoverStructureProvider$5 to org.betterx.wover.datagen.impl.AutoBiomeTagProvider
[10May2026 13:15:19.626] [main/INFO] [betterend/]: Registering betterend:default (Biome)
[10May2026 13:15:19.628] [main/INFO] [betterend/]: Registering betterend:default (Biome Data)
[10May2026 13:15:19.628] [main/INFO] [betterend/]: Registering betterend:default (Surface Rules)
[10May2026 13:15:19.629] [main/INFO] [betterend/]: Registering BetterEnd - Jukebox
[10May2026 13:15:19.629] [main/INFO] [betterend/]: Registering betterend:default (Structures)
[10May2026 13:15:19.629] [main/INFO] [betterend/]: Registering betterend:default (Structure Sets)
[10May2026 13:15:19.629] [main/INFO] [betterend/]: Registering betterend:default (Structure Pools)
[10May2026 13:15:19.629] [main/INFO] [betterend/]: Registering betterend:default (Structure Processors)
[10May2026 13:15:19.629] [main/INFO] [betterend/]: Registering betterend:vegetation (Configured Features)
[10May2026 13:15:19.629] [main/INFO] [betterend/]: Registering betterend:vegetation (Placed Features)
[10May2026 13:15:19.629] [main/INFO] [betterend/]: Registering betterend:ores (Configured Features)
[10May2026 13:15:19.630] [main/INFO] [betterend/]: Registering betterend:ores (Placed Features)
[10May2026 13:15:19.630] [main/INFO] [betterend/]: Registering betterend:lakes (Configured Features)
[10May2026 13:15:19.630] [main/INFO] [betterend/]: Registering betterend:lakes (Placed Features)
[10May2026 13:15:19.630] [main/INFO] [betterend/]: Registering betterend:terrain (Configured Features)
[10May2026 13:15:19.630] [main/INFO] [betterend/]: Registering betterend:terrain (Placed Features)
[10May2026 13:15:19.630] [main/INFO] [betterend/]: Registering betterend:caves (Configured Features)
[10May2026 13:15:19.630] [main/INFO] [betterend/]: Registering betterend:caves (Placed Features)
[10May2026 13:15:19.630] [main/INFO] [betterend/]: Registering BetterEnd - Biome Modifications
[10May2026 13:15:19.631] [main/INFO] [betterend/]: Registering BetterEnd - Enchantments
[10May2026 13:15:19.655] [main/INFO] [wover-datagen/]: (DEBUG) Ignoring run for WoverTagDatagen for ModCore: wover-tag (wover)
[10May2026 13:15:19.656] [main/INFO] [wover-datagen/]: (DEBUG) Ignoring run for LibWoverItemDatagen for ModCore: wover-item (wover)
[10May2026 13:15:19.656] [main/INFO] [wover-datagen/]: (DEBUG) Ignoring run for LibWoverRecipeDatagen for ModCore: wover-recipe (wover)
[10May2026 13:15:19.656] [main/INFO] [wover-datagen/]: (DEBUG) Ignoring run for WoverWorldPresetDatagen for ModCore: wover-preset (wover)
[10May2026 13:15:19.656] [main/INFO] [wover-datagen/]: (DEBUG) Ignoring run for WoverSurfaceDatagen for ModCore: wover-surface (wover)
[10May2026 13:15:19.656] [main/INFO] [wover-datagen/]: (DEBUG) Ignoring run for WoverWorldGeneratorDatagen for ModCore: wover-generator (wover)
[10May2026 13:15:19.731] [main/INFO] [net.minecraft.data.DataGenerator/]: Starting provider: Registries
[10May2026 13:15:19.979] [main/INFO] [net.minecraft.data.DataGenerator/]: Registries finished after 246 ms
[10May2026 13:15:19.979] [main/INFO] [net.minecraft.data.DataGenerator/]: Starting provider: betterend/AutoBlockTagProvider (Tags for minecraft:block mod id betterend)
[10May2026 13:15:19.986] [main/INFO] [wover-tag/]: (DEBUG)    AutoBlockTagProvider includes AutoBlockRegistryTagProvider for betterend
[10May2026 13:15:19.992] [main/INFO] [wover-tag/]: (DEBUG)    AutoBlockTagProvider includes BCLAutoBlockTagProvider for betterend
[10May2026 13:15:19.993] [main/INFO] [bclib/]: (DEBUG) Processing Blocks for betterend
[10May2026 13:15:19.995] [main/INFO] [wover-tag/]: (DEBUG)    AutoBlockTagProvider includes BlockTagProvider for betterend
[10May2026 13:15:20.020] [main/INFO] [wover-tag/]: (DEBUG)     ****> Writing tags for [betterend, betterend, betterend, betterend, betterend, betterend]
[10May2026 13:15:20.033] [main/INFO] [net.minecraft.data.DataGenerator/]: betterend/AutoBlockTagProvider (Tags for minecraft:block mod id betterend) finished after 53 ms
[10May2026 13:15:20.033] [main/INFO] [net.minecraft.data.DataGenerator/]: Starting provider: betterend/AutoItemTagProvider (Tags for minecraft:item mod id betterend)
[10May2026 13:15:20.038] [main/INFO] [wover-tag/]: (DEBUG)    AutoItemTagProvider includes AutoItemRegistryTagProvider for betterend
[10May2026 13:15:20.041] [main/INFO] [wover-tag/]: (DEBUG)    AutoItemTagProvider includes BCLAutoItemTagProvider for betterend
[10May2026 13:15:20.041] [main/INFO] [bclib/]: (DEBUG) Processing Items for betterend
[10May2026 13:15:20.043] [main/INFO] [wover-tag/]: (DEBUG)    AutoItemTagProvider includes ItemTagProvider for betterend
[10May2026 13:15:20.050] [main/INFO] [wover-tag/]: (DEBUG)     ****> Writing tags for [betterend, betterend, betterend, betterend, betterend, betterend]
[10May2026 13:15:20.054] [main/INFO] [net.minecraft.data.DataGenerator/]: betterend/AutoItemTagProvider (Tags for minecraft:item mod id betterend) finished after 20 ms
[10May2026 13:15:20.054] [main/INFO] [net.minecraft.data.DataGenerator/]: Starting provider: betterend/AutoBiomeTagProvider (Tags for minecraft:worldgen/biome mod id betterend)
[10May2026 13:15:20.055] [main/INFO] [wover-tag/]: (DEBUG)    AutoBiomeTagProvider includes  for betterend
[10May2026 13:15:20.056] [main/INFO] [wover-tag/]: (DEBUG)    AutoBiomeTagProvider includes BiomeTagProvider for betterend
[10May2026 13:15:20.056] [main/INFO] [wover-tag/]: (DEBUG)    AutoBiomeTagProvider includes  for betterend
[10May2026 13:15:20.056] [main/INFO] [wover-tag/]: (DEBUG)     ****> Writing tags for [betterend, betterend, betterend, betterend, betterend, betterend, betterend, betterend]
[10May2026 13:15:20.057] [main/INFO] [net.minecraft.data.DataGenerator/]: betterend/AutoBiomeTagProvider (Tags for minecraft:worldgen/biome mod id betterend) finished after 2 ms
[10May2026 13:15:20.057] [main/INFO] [net.minecraft.data.DataGenerator/]: Starting provider: Model Definitions - betterend
[10May2026 13:15:20.208] [main/INFO] [net.minecraft.data.DataGenerator/]: Model Definitions - betterend finished after 150 ms
[10May2026 13:15:20.208] [main/INFO] [net.minecraft.data.DataGenerator/]: Starting provider: Advancements
[10May2026 13:15:20.265] [main/INFO] [net.minecraft.data.DataGenerator/]: Advancements finished after 56 ms
[10May2026 13:15:20.265] [main/INFO] [net.minecraft.data.DataGenerator/]: Starting provider: Loot Tables
[10May2026 13:15:20.338] [main/INFO] [net.minecraft.data.DataGenerator/]: Loot Tables finished after 73 ms
[10May2026 13:15:20.339] [main/INFO] [net.minecraft.data.DataGenerator/]: Starting provider: betterend Recipes
[10May2026 13:15:20.519] [main/INFO] [net.minecraft.data.DataGenerator/]: betterend Recipes finished after 179 ms
[10May2026 13:15:20.519] [main/INFO] [net.minecraft.data.DataGenerator/]: Starting provider: Pack Metadata [betterend:nourish_extensions]
[10May2026 13:15:20.527] [main/INFO] [net.minecraft.data.DataGenerator/]: Pack Metadata [betterend:nourish_extensions] finished after 7 ms
[10May2026 13:15:20.527] [main/INFO] [net.minecraft.data.DataGenerator/]: Starting provider: nourish/NourishItemTagProvider (Tags for minecraft:item mod id nourish)
[10May2026 13:15:20.527] [main/INFO] [wover-tag/]: (DEBUG)     ****> Writing tags for [nourish, nourish]
[10May2026 13:15:20.529] [main/INFO] [net.minecraft.data.DataGenerator/]: nourish/NourishItemTagProvider (Tags for minecraft:item mod id nourish) finished after 1 ms
[10May2026 13:15:20.529] [main/INFO] [net.minecraft.data.DataGenerator/]: All providers took: 798 ms
[10May2026 13:15:20.571] [main/INFO] [net.minecraft.data.HashCache/]: Caching: total files: 4990, old count: 4990, new count: 4991, removed stale: 0, written: 1
